
> landing-rinnovo-showroom@0.1.0 build
> next build

Ôû▓ Next.js 16.2.9 (Turbopack)

  Creating an optimized production build ...
Ô£ô Compiled successfully in 4.6s
  Running TypeScript ...
  Finished TypeScript in 3.1s ...
  Collecting page data using 5 workers ...
  Generating static pages using 5 workers (0/4) ...
  Generating static pages using 5 workers (1/4) 
  Generating static pages using 5 workers (2/4) 
  Generating static pages using 5 workers (3/4) 
Ô£ô Generating static pages using 5 workers (4/4) in 1209ms
  Finalizing page optimization ...

Route (app)
Ôöî Ôùï /
Ôöö Ôùï /_not-found


Ôùï  (Static)  prerendered as static content

